../Core/Src/main.c:74:6:delay	16	static
../Core/Src/main.c:79:6:Set_Pin_Output	40	static
../Core/Src/main.c:87:6:Set_Pin_Input	40	static
../Core/Src/main.c:96:6:DHT11_Start	8	static
../Core/Src/main.c:104:9:Check_Response	16	static
../Core/Src/main.c:119:9:DHT11_Read	16	static
../Core/Src/main.c:141:5:main	168	static
../Core/Src/main.c:232:6:SystemClock_Config	88	static
../Core/Src/main.c:277:13:MX_ADC1_Init	24	static
../Core/Src/main.c:327:13:MX_TIM1_Init	32	static
../Core/Src/main.c:373:13:MX_USART1_UART_Init	8	static
../Core/Src/main.c:406:13:MX_USART2_UART_Init	8	static
../Core/Src/main.c:439:13:MX_GPIO_Init	48	static
../Core/Src/main.c:475:6:Error_Handler	4	static,ignoring_inline_asm
